[2026-03-05 13:46:36] local.ERROR: EHS Staff  
[2026-03-05 13:46:36] local.ERROR:   
[2026-03-05 13:46:36] local.ERROR: 1  
[2026-03-05 13:46:39] local.ERROR: PDOException: SQLSTATE[HY000] [2002] No connection could be made because the target machine actively refused it in D:\xampp\htdocs\ehs-backend\vendor\laravel\framework\src\Illuminate\Database\Connectors\Connector.php:70
Stack trace:
#0 D:\xampp\htdocs\ehs-backend\vendor\laravel\framework\src\Illuminate\Database\Connectors\Connector.php(70): PDO->__construct('mysql:host=127....', 'root', Object(SensitiveParameterValue), Array)
#1 D:\xampp\htdocs\ehs-backend\vendor\laravel\framework\src\Illuminate\Database\Connectors\Connector.php(45): Illuminate\Database\Connectors\Connector->createPdoConnection('mysql:host=127....', 'root', '', Array)
#2 D:\xampp\htdocs\ehs-backend\vendor\laravel\framework\src\Illuminate\Database\Connectors\MySqlConnector.php(24): Illuminate\Database\Connectors\Connector->createConnection('mysql:host=127....', Array, Array)
#3 D:\xampp\htdocs\ehs-backend\vendor\laravel\framework\src\Illuminate\Database\Connectors\ConnectionFactory.php(184): Illuminate\Database\Connectors\MySqlConnector->connect(Array)
#4 [internal function]: Illuminate\Database\Connectors\ConnectionFactory->Illuminate\Database\Connectors\{closure}()
#5 D:\xampp\htdocs\ehs-backend\vendor\laravel\framework\src\Illuminate\Database\Connection.php(1181): call_user_func(Object(Closure))
#6 D:\xampp\htdocs\ehs-backend\vendor\laravel\framework\src\Illuminate\Database\Connection.php(539): Illuminate\Database\Connection->getPdo()
#7 D:\xampp\htdocs\ehs-backend\vendor\laravel\framework\src\Illuminate\Database\Connection.php(753): Illuminate\Database\Connection->Illuminate\Database\{closure}('insert into `us...', Array)
#8 D:\xampp\htdocs\ehs-backend\vendor\laravel\framework\src\Illuminate\Database\Connection.php(720): Illuminate\Database\Connection->runQueryCallback('insert into `us...', Array, Object(Closure))
#9 D:\xampp\htdocs\ehs-backend\vendor\laravel\framework\src\Illuminate\Database\Connection.php(534): Illuminate\Database\Connection->run('insert into `us...', Array, Object(Closure))
#10 D:\xampp\htdocs\ehs-backend\vendor\laravel\framework\src\Illuminate\Database\Connection.php(498): Illuminate\Database\Connection->statement('insert into `us...', Array)
#11 D:\xampp\htdocs\ehs-backend\vendor\laravel\framework\src\Illuminate\Database\Query\Processors\Processor.php(32): Illuminate\Database\Connection->insert('insert into `us...', Array)
#12 D:\xampp\htdocs\ehs-backend\vendor\laravel\framework\src\Illuminate\Database\Query\Builder.php(3322): Illuminate\Database\Query\Processors\Processor->processInsertGetId(Object(Illuminate\Database\Query\Builder), 'insert into `us...', Array, 'id')
#13 D:\xampp\htdocs\ehs-backend\vendor\laravel\framework\src\Illuminate\Database\Eloquent\Builder.php(1869): Illuminate\Database\Query\Builder->insertGetId(Array, 'id')
#14 D:\xampp\htdocs\ehs-backend\vendor\laravel\framework\src\Illuminate\Database\Eloquent\Model.php(1330): Illuminate\Database\Eloquent\Builder->__call('insertGetId', Array)
#15 D:\xampp\htdocs\ehs-backend\vendor\laravel\framework\src\Illuminate\Database\Eloquent\Model.php(1295): Illuminate\Database\Eloquent\Model->insertAndSetId(Object(Illuminate\Database\Eloquent\Builder), Array)
#16 D:\xampp\htdocs\ehs-backend\vendor\laravel\framework\src\Illuminate\Database\Eloquent\Model.php(1138): Illuminate\Database\Eloquent\Model->performInsert(Object(Illuminate\Database\Eloquent\Builder))
#17 D:\xampp\htdocs\ehs-backend\vendor\laravel\framework\src\Illuminate\Database\Eloquent\Builder.php(986): Illuminate\Database\Eloquent\Model->save()
#18 D:\xampp\htdocs\ehs-backend\vendor\laravel\framework\src\Illuminate\Support\helpers.php(306): Illuminate\Database\Eloquent\Builder->Illuminate\Database\Eloquent\{closure}(Object(App\Models\User))
#19 D:\xampp\htdocs\ehs-backend\vendor\laravel\framework\src\Illuminate\Database\Eloquent\Builder.php(985): tap(Object(App\Models\User), Object(Closure))
#20 D:\xampp\htdocs\ehs-backend\app\Services\Facades\UserFacade.php(86): Illuminate\Database\Eloquent\Builder->create(Array)
#21 D:\xampp\htdocs\ehs-backend\app\Http\Controllers\User\UserController.php(208): App\Services\Facades\UserFacade->store(Object(Illuminate\Http\Request))
#22 D:\xampp\htdocs\ehs-backend\vendor\laravel\framework\src\Illuminate\Routing\Controller.php(54): App\Http\Controllers\User\UserController->store(Object(Illuminate\Http\Request))
#23 D:\xampp\htdocs\ehs-backend\vendor\laravel\framework\src\Illuminate\Routing\ControllerDispatcher.php(43): Illuminate\Routing\Controller->callAction('store', Array)
#24 D:\xampp\htdocs\ehs-backend\vendor\laravel\framework\src\Illuminate\Routing\Route.php(259): Illuminate\Routing\ControllerDispatcher->dispatch(Object(Illuminate\Routing\Route), Object(App\Http\Controllers\User\UserController), 'store')
#25 D:\xampp\htdocs\ehs-backend\vendor\laravel\framework\src\Illuminate\Routing\Route.php(205): Illuminate\Routing\Route->runController()
#26 D:\xampp\htdocs\ehs-backend\vendor\laravel\framework\src\Illuminate\Routing\Router.php(798): Illuminate\Routing\Route->run()
#27 D:\xampp\htdocs\ehs-backend\vendor\laravel\framework\src\Illuminate\Pipeline\Pipeline.php(141): Illuminate\Routing\Router->Illuminate\Routing\{closure}(Object(Illuminate\Http\Request))
#28 D:\xampp\htdocs\ehs-backend\vendor\laravel\framework\src\Illuminate\Routing\Middleware\SubstituteBindings.php(50): Illuminate\Pipeline\Pipeline->Illuminate\Pipeline\{closure}(Object(Illuminate\Http\Request))
#29 D:\xampp\htdocs\ehs-backend\vendor\laravel\framework\src\Illuminate\Pipeline\Pipeline.php(180): Illuminate\Routing\Middleware\SubstituteBindings->handle(Object(Illuminate\Http\Request), Object(Closure))
#30 D:\xampp\htdocs\ehs-backend\vendor\laravel\framework\src\Illuminate\Routing\Middleware\ThrottleRequests.php(126): Illuminate\Pipeline\Pipeline->Illuminate\Pipeline\{closure}(Object(Illuminate\Http\Request))
#31 D:\xampp\htdocs\ehs-backend\vendor\laravel\framework\src\Illuminate\Routing\Middleware\ThrottleRequests.php(92): Illuminate\Routing\Middleware\ThrottleRequests->handleRequest(Object(Illuminate\Http\Request), Object(Closure), Array)
#32 D:\xampp\htdocs\ehs-backend\vendor\laravel\framework\src\Illuminate\Routing\Middleware\ThrottleRequests.php(54): Illuminate\Routing\Middleware\ThrottleRequests->handleRequestUsingNamedLimiter(Object(Illuminate\Http\Request), Object(Closure), 'api', Object(Closure))
#33 D:\xampp\htdocs\ehs-backend\vendor\laravel\framework\src\Illuminate\Pipeline\Pipeline.php(180): Illuminate\Routing\Middleware\ThrottleRequests->handle(Object(Illuminate\Http\Request), Object(Closure), 'api')
#34 D:\xampp\htdocs\ehs-backend\vendor\laravel\framework\src\Illuminate\Pipeline\Pipeline.php(116): Illuminate\Pipeline\Pipeline->Illuminate\Pipeline\{closure}(Object(Illuminate\Http\Request))
#35 D:\xampp\htdocs\ehs-backend\vendor\laravel\framework\src\Illuminate\Routing\Router.php(797): Illuminate\Pipeline\Pipeline->then(Object(Closure))
#36 D:\xampp\htdocs\ehs-backend\vendor\laravel\framework\src\Illuminate\Routing\Router.php(776): Illuminate\Routing\Router->runRouteWithinStack(Object(Illuminate\Routing\Route), Object(Illuminate\Http\Request))
#37 D:\xampp\htdocs\ehs-backend\vendor\laravel\framework\src\Illuminate\Routing\Router.php(740): Illuminate\Routing\Router->runRoute(Object(Illuminate\Http\Request), Object(Illuminate\Routing\Route))
#38 D:\xampp\htdocs\ehs-backend\vendor\laravel\framework\src\Illuminate\Routing\Router.php(729): Illuminate\Routing\Router->dispatchToRoute(Object(Illuminate\Http\Request))
#39 D:\xampp\htdocs\ehs-backend\vendor\laravel\framework\src\Illuminate\Foundation\Http\Kernel.php(190): Illuminate\Routing\Router->dispatch(Object(Illuminate\Http\Request))
#40 D:\xampp\htdocs\ehs-backend\vendor\laravel\framework\src\Illuminate\Pipeline\Pipeline.php(141): Illuminate\Foundation\Http\Kernel->Illuminate\Foundation\Http\{closure}(Object(Illuminate\Http\Request))
#41 D:\xampp\htdocs\ehs-backend\vendor\laravel\framework\src\Illuminate\Foundation\Http\Middleware\TransformsRequest.php(21): Illuminate\Pipeline\Pipeline->Illuminate\Pipeline\{closure}(Object(Illuminate\Http\Request))
#42 D:\xampp\htdocs\ehs-backend\vendor\laravel\framework\src\Illuminate\Foundation\Http\Middleware\ConvertEmptyStringsToNull.php(31): Illuminate\Foundation\Http\Middleware\TransformsRequest->handle(Object(Illuminate\Http\Request), Object(Closure))
#43 D:\xampp\htdocs\ehs-backend\vendor\laravel\framework\src\Illuminate\Pipeline\Pipeline.php(180): Illuminate\Foundation\Http\Middleware\ConvertEmptyStringsToNull->handle(Object(Illuminate\Http\Request), Object(Closure))
#44 D:\xampp\htdocs\ehs-backend\vendor\laravel\framework\src\Illuminate\Foundation\Http\Middleware\TransformsRequest.php(21): Illuminate\Pipeline\Pipeline->Illuminate\Pipeline\{closure}(Object(Illuminate\Http\Request))
#45 D:\xampp\htdocs\ehs-backend\vendor\laravel\framework\src\Illuminate\Foundation\Http\Middleware\TrimStrings.php(40): Illuminate\Foundation\Http\Middleware\TransformsRequest->handle(Object(Illuminate\Http\Request), Object(Closure))
#46 D:\xampp\htdocs\ehs-backend\vendor\laravel\framework\src\Illuminate\Pipeline\Pipeline.php(180): Illuminate\Foundation\Http\Middleware\TrimStrings->handle(Object(Illuminate\Http\Request), Object(Closure))
#47 D:\xampp\htdocs\ehs-backend\vendor\laravel\framework\src\Illuminate\Foundation\Http\Middleware\ValidatePostSize.php(27): Illuminate\Pipeline\Pipeline->Illuminate\Pipeline\{closure}(Object(Illuminate\Http\Request))
#48 D:\xampp\htdocs\ehs-backend\vendor\laravel\framework\src\Illuminate\Pipeline\Pipeline.php(180): Illuminate\Foundation\Http\Middleware\ValidatePostSize->handle(Object(Illuminate\Http\Request), Object(Closure))
#49 D:\xampp\htdocs\ehs-backend\vendor\laravel\framework\src\Illuminate\Foundation\Http\Middleware\PreventRequestsDuringMaintenance.php(86): Illuminate\Pipeline\Pipeline->Illuminate\Pipeline\{closure}(Object(Illuminate\Http\Request))
#50 D:\xampp\htdocs\ehs-backend\vendor\laravel\framework\src\Illuminate\Pipeline\Pipeline.php(180): Illuminate\Foundation\Http\Middleware\PreventRequestsDuringMaintenance->handle(Object(Illuminate\Http\Request), Object(Closure))
#51 D:\xampp\htdocs\ehs-backend\vendor\laravel\framework\src\Illuminate\Http\Middleware\HandleCors.php(62): Illuminate\Pipeline\Pipeline->Illuminate\Pipeline\{closure}(Object(Illuminate\Http\Request))
#52 D:\xampp\htdocs\ehs-backend\vendor\laravel\framework\src\Illuminate\Pipeline\Pipeline.php(180): Illuminate\Http\Middleware\HandleCors->handle(Object(Illuminate\Http\Request), Object(Closure))
#53 D:\xampp\htdocs\ehs-backend\vendor\laravel\framework\src\Illuminate\Http\Middleware\TrustProxies.php(39): Illuminate\Pipeline\Pipeline->Illuminate\Pipeline\{closure}(Object(Illuminate\Http\Request))
#54 D:\xampp\htdocs\ehs-backend\vendor\laravel\framework\src\Illuminate\Pipeline\Pipeline.php(180): Illuminate\Http\Middleware\TrustProxies->handle(Object(Illuminate\Http\Request), Object(Closure))
#55 D:\xampp\htdocs\ehs-backend\vendor\laravel\framework\src\Illuminate\Pipeline\Pipeline.php(116): Illuminate\Pipeline\Pipeline->Illuminate\Pipeline\{closure}(Object(Illuminate\Http\Request))
#56 D:\xampp\htdocs\ehs-backend\vendor\laravel\framework\src\Illuminate\Foundation\Http\Kernel.php(165): Illuminate\Pipeline\Pipeline->then(Object(Closure))
#57 D:\xampp\htdocs\ehs-backend\vendor\laravel\framework\src\Illuminate\Foundation\Http\Kernel.php(134): Illuminate\Foundation\Http\Kernel->sendRequestThroughRouter(Object(Illuminate\Http\Request))
#58 D:\xampp\htdocs\ehs-backend\public\index.php(51): Illuminate\Foundation\Http\Kernel->handle(Object(Illuminate\Http\Request))
#59 D:\xampp\htdocs\ehs-backend\vendor\laravel\framework\src\Illuminate\Foundation\resources\server.php(16): require_once('D:\\xampp\\htdocs...')
#60 {main}

Next Illuminate\Database\QueryException: SQLSTATE[HY000] [2002] No connection could be made because the target machine actively refused it (SQL: insert into `users` (`name`, `email`, `member_type`, `phone`, `jobTitle`, `department`, `hospital`, `bayanati_number`, `speciality`, `user_status`, `updated_at`, `created_at`) values (Ebin Kuriakose, ebinkuriakose1998@ehs.gov.ae, EHS Staff, +971562051688, Consultant, ?, erwer, 32423423, Endocrinologist, 1, 2026-03-05 13:46:37, 2026-03-05 13:46:37)) in D:\xampp\htdocs\ehs-backend\vendor\laravel\framework\src\Illuminate\Database\Connection.php:760
Stack trace:
#0 D:\xampp\htdocs\ehs-backend\vendor\laravel\framework\src\Illuminate\Database\Connection.php(720): Illuminate\Database\Connection->runQueryCallback('insert into `us...', Array, Object(Closure))
#1 D:\xampp\htdocs\ehs-backend\vendor\laravel\framework\src\Illuminate\Database\Connection.php(534): Illuminate\Database\Connection->run('insert into `us...', Array, Object(Closure))
#2 D:\xampp\htdocs\ehs-backend\vendor\laravel\framework\src\Illuminate\Database\Connection.php(498): Illuminate\Database\Connection->statement('insert into `us...', Array)
#3 D:\xampp\htdocs\ehs-backend\vendor\laravel\framework\src\Illuminate\Database\Query\Processors\Processor.php(32): Illuminate\Database\Connection->insert('insert into `us...', Array)
#4 D:\xampp\htdocs\ehs-backend\vendor\laravel\framework\src\Illuminate\Database\Query\Builder.php(3322): Illuminate\Database\Query\Processors\Processor->processInsertGetId(Object(Illuminate\Database\Query\Builder), 'insert into `us...', Array, 'id')
#5 D:\xampp\htdocs\ehs-backend\vendor\laravel\framework\src\Illuminate\Database\Eloquent\Builder.php(1869): Illuminate\Database\Query\Builder->insertGetId(Array, 'id')
#6 D:\xampp\htdocs\ehs-backend\vendor\laravel\framework\src\Illuminate\Database\Eloquent\Model.php(1330): Illuminate\Database\Eloquent\Builder->__call('insertGetId', Array)
#7 D:\xampp\htdocs\ehs-backend\vendor\laravel\framework\src\Illuminate\Database\Eloquent\Model.php(1295): Illuminate\Database\Eloquent\Model->insertAndSetId(Object(Illuminate\Database\Eloquent\Builder), Array)
#8 D:\xampp\htdocs\ehs-backend\vendor\laravel\framework\src\Illuminate\Database\Eloquent\Model.php(1138): Illuminate\Database\Eloquent\Model->performInsert(Object(Illuminate\Database\Eloquent\Builder))
#9 D:\xampp\htdocs\ehs-backend\vendor\laravel\framework\src\Illuminate\Database\Eloquent\Builder.php(986): Illuminate\Database\Eloquent\Model->save()
#10 D:\xampp\htdocs\ehs-backend\vendor\laravel\framework\src\Illuminate\Support\helpers.php(306): Illuminate\Database\Eloquent\Builder->Illuminate\Database\Eloquent\{closure}(Object(App\Models\User))
#11 D:\xampp\htdocs\ehs-backend\vendor\laravel\framework\src\Illuminate\Database\Eloquent\Builder.php(985): tap(Object(App\Models\User), Object(Closure))
#12 D:\xampp\htdocs\ehs-backend\app\Services\Facades\UserFacade.php(86): Illuminate\Database\Eloquent\Builder->create(Array)
#13 D:\xampp\htdocs\ehs-backend\app\Http\Controllers\User\UserController.php(208): App\Services\Facades\UserFacade->store(Object(Illuminate\Http\Request))
#14 D:\xampp\htdocs\ehs-backend\vendor\laravel\framework\src\Illuminate\Routing\Controller.php(54): App\Http\Controllers\User\UserController->store(Object(Illuminate\Http\Request))
#15 D:\xampp\htdocs\ehs-backend\vendor\laravel\framework\src\Illuminate\Routing\ControllerDispatcher.php(43): Illuminate\Routing\Controller->callAction('store', Array)
#16 D:\xampp\htdocs\ehs-backend\vendor\laravel\framework\src\Illuminate\Routing\Route.php(259): Illuminate\Routing\ControllerDispatcher->dispatch(Object(Illuminate\Routing\Route), Object(App\Http\Controllers\User\UserController), 'store')
#17 D:\xampp\htdocs\ehs-backend\vendor\laravel\framework\src\Illuminate\Routing\Route.php(205): Illuminate\Routing\Route->runController()
#18 D:\xampp\htdocs\ehs-backend\vendor\laravel\framework\src\Illuminate\Routing\Router.php(798): Illuminate\Routing\Route->run()
#19 D:\xampp\htdocs\ehs-backend\vendor\laravel\framework\src\Illuminate\Pipeline\Pipeline.php(141): Illuminate\Routing\Router->Illuminate\Routing\{closure}(Object(Illuminate\Http\Request))
#20 D:\xampp\htdocs\ehs-backend\vendor\laravel\framework\src\Illuminate\Routing\Middleware\SubstituteBindings.php(50): Illuminate\Pipeline\Pipeline->Illuminate\Pipeline\{closure}(Object(Illuminate\Http\Request))
#21 D:\xampp\htdocs\ehs-backend\vendor\laravel\framework\src\Illuminate\Pipeline\Pipeline.php(180): Illuminate\Routing\Middleware\SubstituteBindings->handle(Object(Illuminate\Http\Request), Object(Closure))
#22 D:\xampp\htdocs\ehs-backend\vendor\laravel\framework\src\Illuminate\Routing\Middleware\ThrottleRequests.php(126): Illuminate\Pipeline\Pipeline->Illuminate\Pipeline\{closure}(Object(Illuminate\Http\Request))
#23 D:\xampp\htdocs\ehs-backend\vendor\laravel\framework\src\Illuminate\Routing\Middleware\ThrottleRequests.php(92): Illuminate\Routing\Middleware\ThrottleRequests->handleRequest(Object(Illuminate\Http\Request), Object(Closure), Array)
#24 D:\xampp\htdocs\ehs-backend\vendor\laravel\framework\src\Illuminate\Routing\Middleware\ThrottleRequests.php(54): Illuminate\Routing\Middleware\ThrottleRequests->handleRequestUsingNamedLimiter(Object(Illuminate\Http\Request), Object(Closure), 'api', Object(Closure))
#25 D:\xampp\htdocs\ehs-backend\vendor\laravel\framework\src\Illuminate\Pipeline\Pipeline.php(180): Illuminate\Routing\Middleware\ThrottleRequests->handle(Object(Illuminate\Http\Request), Object(Closure), 'api')
#26 D:\xampp\htdocs\ehs-backend\vendor\laravel\framework\src\Illuminate\Pipeline\Pipeline.php(116): Illuminate\Pipeline\Pipeline->Illuminate\Pipeline\{closure}(Object(Illuminate\Http\Request))
#27 D:\xampp\htdocs\ehs-backend\vendor\laravel\framework\src\Illuminate\Routing\Router.php(797): Illuminate\Pipeline\Pipeline->then(Object(Closure))
#28 D:\xampp\htdocs\ehs-backend\vendor\laravel\framework\src\Illuminate\Routing\Router.php(776): Illuminate\Routing\Router->runRouteWithinStack(Object(Illuminate\Routing\Route), Object(Illuminate\Http\Request))
#29 D:\xampp\htdocs\ehs-backend\vendor\laravel\framework\src\Illuminate\Routing\Router.php(740): Illuminate\Routing\Router->runRoute(Object(Illuminate\Http\Request), Object(Illuminate\Routing\Route))
#30 D:\xampp\htdocs\ehs-backend\vendor\laravel\framework\src\Illuminate\Routing\Router.php(729): Illuminate\Routing\Router->dispatchToRoute(Object(Illuminate\Http\Request))
#31 D:\xampp\htdocs\ehs-backend\vendor\laravel\framework\src\Illuminate\Foundation\Http\Kernel.php(190): Illuminate\Routing\Router->dispatch(Object(Illuminate\Http\Request))
#32 D:\xampp\htdocs\ehs-backend\vendor\laravel\framework\src\Illuminate\Pipeline\Pipeline.php(141): Illuminate\Foundation\Http\Kernel->Illuminate\Foundation\Http\{closure}(Object(Illuminate\Http\Request))
#33 D:\xampp\htdocs\ehs-backend\vendor\laravel\framework\src\Illuminate\Foundation\Http\Middleware\TransformsRequest.php(21): Illuminate\Pipeline\Pipeline->Illuminate\Pipeline\{closure}(Object(Illuminate\Http\Request))
#34 D:\xampp\htdocs\ehs-backend\vendor\laravel\framework\src\Illuminate\Foundation\Http\Middleware\ConvertEmptyStringsToNull.php(31): Illuminate\Foundation\Http\Middleware\TransformsRequest->handle(Object(Illuminate\Http\Request), Object(Closure))
#35 D:\xampp\htdocs\ehs-backend\vendor\laravel\framework\src\Illuminate\Pipeline\Pipeline.php(180): Illuminate\Foundation\Http\Middleware\ConvertEmptyStringsToNull->handle(Object(Illuminate\Http\Request), Object(Closure))
#36 D:\xampp\htdocs\ehs-backend\vendor\laravel\framework\src\Illuminate\Foundation\Http\Middleware\TransformsRequest.php(21): Illuminate\Pipeline\Pipeline->Illuminate\Pipeline\{closure}(Object(Illuminate\Http\Request))
#37 D:\xampp\htdocs\ehs-backend\vendor\laravel\framework\src\Illuminate\Foundation\Http\Middleware\TrimStrings.php(40): Illuminate\Foundation\Http\Middleware\TransformsRequest->handle(Object(Illuminate\Http\Request), Object(Closure))
#38 D:\xampp\htdocs\ehs-backend\vendor\laravel\framework\src\Illuminate\Pipeline\Pipeline.php(180): Illuminate\Foundation\Http\Middleware\TrimStrings->handle(Object(Illuminate\Http\Request), Object(Closure))
#39 D:\xampp\htdocs\ehs-backend\vendor\laravel\framework\src\Illuminate\Foundation\Http\Middleware\ValidatePostSize.php(27): Illuminate\Pipeline\Pipeline->Illuminate\Pipeline\{closure}(Object(Illuminate\Http\Request))
#40 D:\xampp\htdocs\ehs-backend\vendor\laravel\framework\src\Illuminate\Pipeline\Pipeline.php(180): Illuminate\Foundation\Http\Middleware\ValidatePostSize->handle(Object(Illuminate\Http\Request), Object(Closure))
#41 D:\xampp\htdocs\ehs-backend\vendor\laravel\framework\src\Illuminate\Foundation\Http\Middleware\PreventRequestsDuringMaintenance.php(86): Illuminate\Pipeline\Pipeline->Illuminate\Pipeline\{closure}(Object(Illuminate\Http\Request))
#42 D:\xampp\htdocs\ehs-backend\vendor\laravel\framework\src\Illuminate\Pipeline\Pipeline.php(180): Illuminate\Foundation\Http\Middleware\PreventRequestsDuringMaintenance->handle(Object(Illuminate\Http\Request), Object(Closure))
#43 D:\xampp\htdocs\ehs-backend\vendor\laravel\framework\src\Illuminate\Http\Middleware\HandleCors.php(62): Illuminate\Pipeline\Pipeline->Illuminate\Pipeline\{closure}(Object(Illuminate\Http\Request))
#44 D:\xampp\htdocs\ehs-backend\vendor\laravel\framework\src\Illuminate\Pipeline\Pipeline.php(180): Illuminate\Http\Middleware\HandleCors->handle(Object(Illuminate\Http\Request), Object(Closure))
#45 D:\xampp\htdocs\ehs-backend\vendor\laravel\framework\src\Illuminate\Http\Middleware\TrustProxies.php(39): Illuminate\Pipeline\Pipeline->Illuminate\Pipeline\{closure}(Object(Illuminate\Http\Request))
#46 D:\xampp\htdocs\ehs-backend\vendor\laravel\framework\src\Illuminate\Pipeline\Pipeline.php(180): Illuminate\Http\Middleware\TrustProxies->handle(Object(Illuminate\Http\Request), Object(Closure))
#47 D:\xampp\htdocs\ehs-backend\vendor\laravel\framework\src\Illuminate\Pipeline\Pipeline.php(116): Illuminate\Pipeline\Pipeline->Illuminate\Pipeline\{closure}(Object(Illuminate\Http\Request))
#48 D:\xampp\htdocs\ehs-backend\vendor\laravel\framework\src\Illuminate\Foundation\Http\Kernel.php(165): Illuminate\Pipeline\Pipeline->then(Object(Closure))
#49 D:\xampp\htdocs\ehs-backend\vendor\laravel\framework\src\Illuminate\Foundation\Http\Kernel.php(134): Illuminate\Foundation\Http\Kernel->sendRequestThroughRouter(Object(Illuminate\Http\Request))
#50 D:\xampp\htdocs\ehs-backend\public\index.php(51): Illuminate\Foundation\Http\Kernel->handle(Object(Illuminate\Http\Request))
#51 D:\xampp\htdocs\ehs-backend\vendor\laravel\framework\src\Illuminate\Foundation\resources\server.php(16): require_once('D:\\xampp\\htdocs...')
#52 {main}  
[2026-03-05 13:47:33] local.ERROR: EHS Staff  
[2026-03-05 13:47:33] local.ERROR:   
[2026-03-05 13:47:33] local.ERROR: 1  
[2026-03-05 14:00:36] local.ERROR: Non EHS Attendee  
[2026-03-05 14:00:36] local.ERROR:   
[2026-03-05 14:00:36] local.ERROR: 1  
